
Memory Configuration

Name             Origin             Length             Attributes
flash            0x00000000         0x20000000         xr
sram             0x20000000         0x20000000         xrw
*default*        0x00000000         0xffffffff

Linker script and memory map


.text           0x00000000      0x130
 *(.vectors)
 .vectors       0x00000000       0x14 startup.o
                0x00000000                g_P_vectors
 *(.text)
 .text          0x00000014       0x8c main.o
                0x00000014                main
 .text          0x000000a0       0x90 startup.o
                0x000000a0                MM_fault_Handler
                0x000000a0                Default_Handler
                0x000000a0                H_fault_Handler
                0x000000a0                NMI_Handler
                0x000000ac                Rest_Handler
 *(.rodata)
                0x00000130                _E_TEXT = .

.glue_7         0x00000130        0x0
 .glue_7        0x00000130        0x0 linker stubs

.glue_7t        0x00000130        0x0
 .glue_7t       0x00000130        0x0 linker stubs

.vfp11_veneer   0x00000130        0x0
 .vfp11_veneer  0x00000130        0x0 linker stubs

.v4_bx          0x00000130        0x0
 .v4_bx         0x00000130        0x0 linker stubs

.iplt           0x00000130        0x0
 .iplt          0x00000130        0x0 main.o

.rel.dyn        0x00000130        0x0
 .rel.iplt      0x00000130        0x0 main.o

.data           0x20000000        0x0 load address 0x00000130
                0x20000000                _S_DATA = .
 *(.data)
 .data          0x20000000        0x0 main.o
 .data          0x20000000        0x0 startup.o
                0x20000000                . = ALIGN (0x4)
                0x20000000                _E_DATA = .

.igot.plt       0x20000000        0x0 load address 0x00000130
 .igot.plt      0x20000000        0x0 main.o

.bss            0x20000000      0x424 load address 0x00000130
                0x20000000                _S_BSS = .
 *(.bss)
 .bss           0x20000000        0x0 main.o
 .bss           0x20000000      0x424 startup.o
 *(COMMON)
                0x20000424                . = ALIGN (0x4)
                0x20000424                _E_BSS = .
LOAD main.o
LOAD startup.o
OUTPUT(led-toggle-cortex-m4.elf elf32-littlearm)

.debug_info     0x00000000      0x26c
 .debug_info    0x00000000       0xb0 main.o
 .debug_info    0x000000b0      0x1bc startup.o

.debug_abbrev   0x00000000      0x159
 .debug_abbrev  0x00000000       0x67 main.o
 .debug_abbrev  0x00000067       0xf2 startup.o

.debug_loc      0x00000000       0xb4
 .debug_loc     0x00000000       0x38 main.o
 .debug_loc     0x00000038       0x7c startup.o

.debug_aranges  0x00000000       0x40
 .debug_aranges
                0x00000000       0x20 main.o
 .debug_aranges
                0x00000020       0x20 startup.o

.debug_line     0x00000000      0x276
 .debug_line    0x00000000      0x138 main.o
 .debug_line    0x00000138      0x13e startup.o

.debug_str      0x00000000      0x17b
 .debug_str     0x00000000       0xf3 main.o
                                0x130 (size before relaxing)
 .debug_str     0x000000f3       0x88 startup.o
                                0x1a6 (size before relaxing)

.comment        0x00000000       0x7e
 .comment       0x00000000       0x7e main.o
                                 0x7f (size before relaxing)
 .comment       0x0000007e       0x7f startup.o

.ARM.attributes
                0x00000000       0x33
 .ARM.attributes
                0x00000000       0x33 main.o
 .ARM.attributes
                0x00000033       0x33 startup.o

.debug_frame    0x00000000       0x7c
 .debug_frame   0x00000000       0x2c main.o
 .debug_frame   0x0000002c       0x50 startup.o
