
Memory Configuration

Name             Origin             Length             Attributes
Mem              0x00000000         0x04000000         xrw
*default*        0x00000000         0xffffffff

Linker script and memory map

                0x00010000                . = 0x10000

.startup        0x00010000       0x10
 startup.o(.text)
 .text          0x00010000       0x10 startup.o
                0x00010000                reset

.text           0x00010010       0x78
 *(.text)
 .text          0x00010010       0x24 app.o
                0x00010010                main
 .text          0x00010034       0x54 uart.o
                0x00010034                uart_send
 *(.rodata)

.glue_7         0x00010088        0x0
 .glue_7        0x00010088        0x0 linker stubs

.glue_7t        0x00010088        0x0
 .glue_7t       0x00010088        0x0 linker stubs

.vfp11_veneer   0x00010088        0x0
 .vfp11_veneer  0x00010088        0x0 linker stubs

.v4_bx          0x00010088        0x0
 .v4_bx         0x00010088        0x0 linker stubs

.iplt           0x00010088        0x0
 .iplt          0x00010088        0x0 startup.o

.rel.dyn        0x00010088        0x0
 .rel.iplt      0x00010088        0x0 startup.o

.data           0x00010088       0x64
 *(.data)
 .data          0x00010088        0x0 startup.o
 .data          0x00010088       0x64 app.o
                0x00010088                arr
 .data          0x000100ec        0x0 uart.o

.igot.plt       0x000100ec        0x0
 .igot.plt      0x000100ec        0x0 startup.o

.bss            0x000100ec        0x0
 *(.bss)
 .bss           0x000100ec        0x0 startup.o
 .bss           0x000100ec        0x0 app.o
 .bss           0x000100ec        0x0 uart.o
 *(COMMON)
                0x000110ec                . = (. + 0x1000)
                0x000110ec                stack_top = .
LOAD startup.o
LOAD app.o
LOAD uart.o
OUTPUT(Learn-in-depth.elf elf32-littlearm)

.ARM.attributes
                0x00000000       0x2e
 .ARM.attributes
                0x00000000       0x22 startup.o
 .ARM.attributes
                0x00000022       0x30 app.o
 .ARM.attributes
                0x00000052       0x30 uart.o

.comment        0x00000000       0x7e
 .comment       0x00000000       0x7e app.o
                                 0x7f (size before relaxing)
 .comment       0x0000007e       0x7f uart.o

.debug_line     0x00000000       0xa8
 .debug_line    0x00000000       0x3a startup.o
 .debug_line    0x0000003a       0x35 app.o
 .debug_line    0x0000006f       0x39 uart.o

.debug_info     0x00000000       0xe3
 .debug_info    0x00000000       0x26 startup.o
 .debug_info    0x00000026       0x66 app.o
 .debug_info    0x0000008c       0x57 uart.o

.debug_abbrev   0x00000000       0xbf
 .debug_abbrev  0x00000000       0x14 startup.o
 .debug_abbrev  0x00000014       0x5a app.o
 .debug_abbrev  0x0000006e       0x51 uart.o

.debug_aranges  0x00000000       0x60
 .debug_aranges
                0x00000000       0x20 startup.o
 .debug_aranges
                0x00000020       0x20 app.o
 .debug_aranges
                0x00000040       0x20 uart.o

.debug_str      0x00000000       0xba
 .debug_str     0x00000000       0x29 startup.o
 .debug_str     0x00000029       0x72 app.o
                                 0x82 (size before relaxing)
 .debug_str     0x0000009b       0x1f uart.o
                                 0x89 (size before relaxing)

.debug_frame    0x00000000       0x64
 .debug_frame   0x00000000       0x34 app.o
 .debug_frame   0x00000034       0x30 uart.o
