
Memory Configuration

Name             Origin             Length             Attributes
Mem              0x00000000         0x04000000         xrw
*default*        0x00000000         0xffffffff

Linker script and memory map

                0x00010000                . = 0x10000

.startup        0x00010000       0x10
 startup.o(.text)
 .text          0x00010000       0x10 startup.o
                0x00010000                reset

.text           0x00010010       0x68
 *(.text)
 .text          0x00010010       0x50 uart.o
                0x00010010                uart_send
 .text          0x00010060       0x18 app.o
                0x00010060                main
 *(.rodata)

.glue_7         0x00010078        0x0
 .glue_7        0x00010078        0x0 linker stubs

.glue_7t        0x00010078        0x0
 .glue_7t       0x00010078        0x0 linker stubs

.vfp11_veneer   0x00010078        0x0
 .vfp11_veneer  0x00010078        0x0 linker stubs

.v4_bx          0x00010078        0x0
 .v4_bx         0x00010078        0x0 linker stubs

.iplt           0x00010078        0x0
 .iplt          0x00010078        0x0 startup.o

.rel.dyn        0x00010078        0x0
 .rel.iplt      0x00010078        0x0 startup.o

.data           0x00010078       0x16
 *(.data)
 .data          0x00010078        0x0 startup.o
 .data          0x00010078        0x0 uart.o
 .data          0x00010078       0x16 app.o
                0x00010078                arr

.igot.plt       0x00010090        0x0
 .igot.plt      0x00010090        0x0 startup.o

.bss            0x0001008e        0x0
 *(.bss)
 .bss           0x0001008e        0x0 startup.o
 .bss           0x0001008e        0x0 uart.o
 .bss           0x0001008e        0x0 app.o
                0x0002008e                . = (. + 0x10000)
                0x0002008e                stack_top = .
LOAD startup.o
LOAD uart.o
LOAD app.o
OUTPUT(Learn_in_depth.elf elf32-littlearm)

.ARM.attributes
                0x00000000       0x2e
 .ARM.attributes
                0x00000000       0x22 startup.o
 .ARM.attributes
                0x00000022       0x30 uart.o
 .ARM.attributes
                0x00000052       0x30 app.o

.comment        0x00000000       0x7e
 .comment       0x00000000       0x7e uart.o
                                 0x7f (size before relaxing)
 .comment       0x0000007e       0x7f app.o
