Archive member included to satisfy reference by file (symbol)

C:/ST/STM32CubeIDE_1.12.1/STM32CubeIDE/plugins/com.st.stm32cube.ide.mcu.externaltools.gnu-tools-for-stm32.11.3.rel1.win32_1.1.0.202305231506/tools/bin/../lib/gcc/arm-none-eabi/11.3.1/../../../../arm-none-eabi/lib/thumb/v7-m/nofp\libc_nano.a(libc_a-exit.o)
                              C:/ST/STM32CubeIDE_1.12.1/STM32CubeIDE/plugins/com.st.stm32cube.ide.mcu.externaltools.gnu-tools-for-stm32.11.3.rel1.win32_1.1.0.202305231506/tools/bin/../lib/gcc/arm-none-eabi/11.3.1/../../../../arm-none-eabi/lib/thumb/v7-m/nofp/crt0.o (exit)
C:/ST/STM32CubeIDE_1.12.1/STM32CubeIDE/plugins/com.st.stm32cube.ide.mcu.externaltools.gnu-tools-for-stm32.11.3.rel1.win32_1.1.0.202305231506/tools/bin/../lib/gcc/arm-none-eabi/11.3.1/../../../../arm-none-eabi/lib/thumb/v7-m/nofp\libc_nano.a(libc_a-findfp.o)
                              C:/ST/STM32CubeIDE_1.12.1/STM32CubeIDE/plugins/com.st.stm32cube.ide.mcu.externaltools.gnu-tools-for-stm32.11.3.rel1.win32_1.1.0.202305231506/tools/bin/../lib/gcc/arm-none-eabi/11.3.1/../../../../arm-none-eabi/lib/thumb/v7-m/nofp\libc_nano.a(libc_a-exit.o) (__stdio_exit_handler)
C:/ST/STM32CubeIDE_1.12.1/STM32CubeIDE/plugins/com.st.stm32cube.ide.mcu.externaltools.gnu-tools-for-stm32.11.3.rel1.win32_1.1.0.202305231506/tools/bin/../lib/gcc/arm-none-eabi/11.3.1/../../../../arm-none-eabi/lib/thumb/v7-m/nofp\libc_nano.a(libc_a-fwalk.o)
                              C:/ST/STM32CubeIDE_1.12.1/STM32CubeIDE/plugins/com.st.stm32cube.ide.mcu.externaltools.gnu-tools-for-stm32.11.3.rel1.win32_1.1.0.202305231506/tools/bin/../lib/gcc/arm-none-eabi/11.3.1/../../../../arm-none-eabi/lib/thumb/v7-m/nofp\libc_nano.a(libc_a-findfp.o) (_fwalk_sglue)
C:/ST/STM32CubeIDE_1.12.1/STM32CubeIDE/plugins/com.st.stm32cube.ide.mcu.externaltools.gnu-tools-for-stm32.11.3.rel1.win32_1.1.0.202305231506/tools/bin/../lib/gcc/arm-none-eabi/11.3.1/../../../../arm-none-eabi/lib/thumb/v7-m/nofp\libc_nano.a(libc_a-stdio.o)
                              C:/ST/STM32CubeIDE_1.12.1/STM32CubeIDE/plugins/com.st.stm32cube.ide.mcu.externaltools.gnu-tools-for-stm32.11.3.rel1.win32_1.1.0.202305231506/tools/bin/../lib/gcc/arm-none-eabi/11.3.1/../../../../arm-none-eabi/lib/thumb/v7-m/nofp\libc_nano.a(libc_a-findfp.o) (__sread)
C:/ST/STM32CubeIDE_1.12.1/STM32CubeIDE/plugins/com.st.stm32cube.ide.mcu.externaltools.gnu-tools-for-stm32.11.3.rel1.win32_1.1.0.202305231506/tools/bin/../lib/gcc/arm-none-eabi/11.3.1/../../../../arm-none-eabi/lib/thumb/v7-m/nofp\libc_nano.a(libc_a-memset.o)
                              C:/ST/STM32CubeIDE_1.12.1/STM32CubeIDE/plugins/com.st.stm32cube.ide.mcu.externaltools.gnu-tools-for-stm32.11.3.rel1.win32_1.1.0.202305231506/tools/bin/../lib/gcc/arm-none-eabi/11.3.1/../../../../arm-none-eabi/lib/thumb/v7-m/nofp/crt0.o (memset)
C:/ST/STM32CubeIDE_1.12.1/STM32CubeIDE/plugins/com.st.stm32cube.ide.mcu.externaltools.gnu-tools-for-stm32.11.3.rel1.win32_1.1.0.202305231506/tools/bin/../lib/gcc/arm-none-eabi/11.3.1/../../../../arm-none-eabi/lib/thumb/v7-m/nofp\libc_nano.a(libc_a-closer.o)
                              C:/ST/STM32CubeIDE_1.12.1/STM32CubeIDE/plugins/com.st.stm32cube.ide.mcu.externaltools.gnu-tools-for-stm32.11.3.rel1.win32_1.1.0.202305231506/tools/bin/../lib/gcc/arm-none-eabi/11.3.1/../../../../arm-none-eabi/lib/thumb/v7-m/nofp\libc_nano.a(libc_a-stdio.o) (_close_r)
C:/ST/STM32CubeIDE_1.12.1/STM32CubeIDE/plugins/com.st.stm32cube.ide.mcu.externaltools.gnu-tools-for-stm32.11.3.rel1.win32_1.1.0.202305231506/tools/bin/../lib/gcc/arm-none-eabi/11.3.1/../../../../arm-none-eabi/lib/thumb/v7-m/nofp\libc_nano.a(libc_a-reent.o)
                              C:/ST/STM32CubeIDE_1.12.1/STM32CubeIDE/plugins/com.st.stm32cube.ide.mcu.externaltools.gnu-tools-for-stm32.11.3.rel1.win32_1.1.0.202305231506/tools/bin/../lib/gcc/arm-none-eabi/11.3.1/../../../../arm-none-eabi/lib/thumb/v7-m/nofp\libc_nano.a(libc_a-closer.o) (errno)
C:/ST/STM32CubeIDE_1.12.1/STM32CubeIDE/plugins/com.st.stm32cube.ide.mcu.externaltools.gnu-tools-for-stm32.11.3.rel1.win32_1.1.0.202305231506/tools/bin/../lib/gcc/arm-none-eabi/11.3.1/../../../../arm-none-eabi/lib/thumb/v7-m/nofp\libc_nano.a(libc_a-impure.o)
                              C:/ST/STM32CubeIDE_1.12.1/STM32CubeIDE/plugins/com.st.stm32cube.ide.mcu.externaltools.gnu-tools-for-stm32.11.3.rel1.win32_1.1.0.202305231506/tools/bin/../lib/gcc/arm-none-eabi/11.3.1/../../../../arm-none-eabi/lib/thumb/v7-m/nofp\libc_nano.a(libc_a-reent.o) (_impure_ptr)
C:/ST/STM32CubeIDE_1.12.1/STM32CubeIDE/plugins/com.st.stm32cube.ide.mcu.externaltools.gnu-tools-for-stm32.11.3.rel1.win32_1.1.0.202305231506/tools/bin/../lib/gcc/arm-none-eabi/11.3.1/../../../../arm-none-eabi/lib/thumb/v7-m/nofp\libc_nano.a(libc_a-lseekr.o)
[...]
Memory Configuration

Name             Origin             Length             Attributes
RAM              0x0000000020000000 0x0000000000005000 xrw
FLASH            0x0000000008000000 0x0000000000010000 xr
*default*        0x0000000000000000 0xffffffffffffffff

Linker script and memory map

LOAD C:/ST/STM32CubeIDE_1.12.1/STM32CubeIDE/plugins/com.st.stm32cube.ide.mcu.externaltools.gnu-tools-for-stm32.11.3.rel1.win32_1.1.0.202305231506/tools/bin/../lib/gcc/arm-none-eabi/11.3.1/thumb/v7-m/nofp/crti.o
LOAD C:/ST/STM32CubeIDE_1.12.1/STM32CubeIDE/plugins/com.st.stm32cube.ide.mcu.externaltools.gnu-tools-for-stm32.11.3.rel1.win32_1.1.0.202305231506/tools/bin/../lib/gcc/arm-none-eabi/11.3.1/thumb/v7-m/nofp/crtbegin.o
LOAD C:/ST/STM32CubeIDE_1.12.1/STM32CubeIDE/plugins/com.st.stm32cube.ide.mcu.externaltools.gnu-tools-for-stm32.11.3.rel1.win32_1.1.0.202305231506/tools/bin/../lib/gcc/arm-none-eabi/11.3.1/../../../../arm-none-eabi/lib/thumb/v7-m/nofp/crt0.o
LOAD ./Diaa_RTOS/FIFO_stack.o
LOAD ./Diaa_RTOS/OS_porting.o
LOAD ./Diaa_RTOS/scheduler.o
LOAD ./Src/main.o
LOAD ./Src/syscalls.o
LOAD ./Src/sysmem.o
LOAD ./Startup/startup_stm32f103c8tx.o
START GROUP
LOAD C:/ST/STM32CubeIDE_1.12.1/STM32CubeIDE/plugins/com.st.stm32cube.ide.mcu.externaltools.gnu-tools-for-stm32.11.3.rel1.win32_1.1.0.202305231506/tools/bin/../lib/gcc/arm-none-eabi/11.3.1/../../../../arm-none-eabi/lib/thumb/v7-m/nofp\libc_nano.a
LOAD C:/ST/STM32CubeIDE_1.12.1/STM32CubeIDE/plugins/com.st.stm32cube.ide.mcu.externaltools.gnu-tools-for-stm32.11.3.rel1.win32_1.1.0.202305231506/tools/bin/../lib/gcc/arm-none-eabi/11.3.1/../../../../arm-none-eabi/lib/thumb/v7-m/nofp\libm.a
END GROUP
START GROUP
LOAD C:/ST/STM32CubeIDE_1.12.1/STM32CubeIDE/plugins/com.st.stm32cube.ide.mcu.externaltools.gnu-tools-for-stm32.11.3.rel1.win32_1.1.0.202305231506/tools/bin/../lib/gcc/arm-none-eabi/11.3.1/thumb/v7-m/nofp\libgcc.a
LOAD C:/ST/STM32CubeIDE_1.12.1/STM32CubeIDE/plugins/com.st.stm32cube.ide.mcu.externaltools.gnu-tools-for-stm32.11.3.rel1.win32_1.1.0.202305231506/tools/bin/../lib/gcc/arm-none-eabi/11.3.1/../../../../arm-none-eabi/lib/thumb/v7-m/nofp\libc_nano.a
END GROUP
START GROUP
LOAD C:/ST/STM32CubeIDE_1.12.1/STM32CubeIDE/plugins/com.st.stm32cube.ide.mcu.externaltools.gnu-tools-for-stm32.11.3.rel1.win32_1.1.0.202305231506/tools/bin/../lib/gcc/arm-none-eabi/11.3.1/thumb/v7-m/nofp\libgcc.a
LOAD C:/ST/STM32CubeIDE_1.12.1/STM32CubeIDE/plugins/com.st.stm32cube.ide.mcu.externaltools.gnu-tools-for-stm32.11.3.rel1.win32_1.1.0.202305231506/tools/bin/../lib/gcc/arm-none-eabi/11.3.1/../../../../arm-none-eabi/lib/thumb/v7-m/nofp\libc_nano.a
LOAD C:/ST/STM32CubeIDE_1.12.1/STM32CubeIDE/plugins/com.st.stm32cube.ide.mcu.externaltools.gnu-tools-for-stm32.11.3.rel1.win32_1.1.0.202305231506/tools/bin/../lib/gcc/arm-none-eabi/11.3.1/../../../../arm-none-eabi/lib/thumb/v7-m/nofp\libnosys.a
END GROUP
START GROUP
LOAD C:/ST/STM32CubeIDE_1.12.1/STM32CubeIDE/plugins/com.st.stm32cube.ide.mcu.externaltools.gnu-tools-for-stm32.11.3.rel1.win32_1.1.0.202305231506/tools/bin/../lib/gcc/arm-none-eabi/11.3.1/thumb/v7-m/nofp\libgcc.a
LOAD C:/ST/STM32CubeIDE_1.12.1/STM32CubeIDE/plugins/com.st.stm32cube.ide.mcu.externaltools.gnu-tools-for-stm32.11.3.rel1.win32_1.1.0.202305231506/tools/bin/../lib/gcc/arm-none-eabi/11.3.1/../../../../arm-none-eabi/lib/thumb/v7-m/nofp\libc_nano.a
LOAD C:/ST/STM32CubeIDE_1.12.1/STM32CubeIDE/plugins/com.st.stm32cube.ide.mcu.externaltools.gnu-tools-for-stm32.11.3.rel1.win32_1.1.0.202305231506/tools/bin/../lib/gcc/arm-none-eabi/11.3.1/../../../../arm-none-eabi/lib/thumb/v7-m/nofp\libnosys.a
END GROUP
LOAD C:/ST/STM32CubeIDE_1.12.1/STM32CubeIDE/plugins/com.st.stm32cube.ide.mcu.externaltools.gnu-tools-for-stm32.11.3.rel1.win32_1.1.0.202305231506/tools/bin/../lib/gcc/arm-none-eabi/11.3.1/thumb/v7-m/nofp/crtend.o
LOAD C:/ST/STM32CubeIDE_1.12.1/STM32CubeIDE/plugins/com.st.stm32cube.ide.mcu.externaltools.gnu-tools-for-stm32.11.3.rel1.win32_1.1.0.202305231506/tools/bin/../lib/gcc/arm-none-eabi/11.3.1/thumb/v7-m/nofp/crtn.o
                0x0000000020005000                _estack = (ORIGIN (RAM) + LENGTH (RAM))
                0x0000000000000200                _Min_Heap_Size = 0x200
                0x0000000000000400                _Min_Stack_Size = 0x400

.isr_vector     0x0000000008000000      0x130
                0x0000000008000000                . = ALIGN (0x4)
 *(.isr_vector)
 .isr_vector    0x0000000008000000      0x130 ./Startup/startup_stm32f103c8tx.o
                0x0000000008000000                g_pfnVectors
                0x0000000008000130                . = ALIGN (0x4)

.text           0x0000000008000130      0xc48
                0x0000000008000130                . = ALIGN (0x4)
 *(.text)
 .text          0x0000000008000130       0x40 C:/ST/STM32CubeIDE_1.12.1/STM32CubeIDE/plugins/com.st.stm32cube.ide.mcu.externaltools.gnu-tools-for-stm32.11.3.rel1.win32_1.1.0.202305231506/tools/bin/../lib/gcc/arm-none-eabi/11.3.1/thumb/v7-m/nofp/crtbegin.o
 .text          0x0000000008000170       0x14 C:/ST/STM32CubeIDE_1.12.1/STM32CubeIDE/plugins/com.st.stm32cube.ide.mcu.externaltools.gnu-tools-for-stm32.11.3.rel1.win32_1.1.0.202305231506/tools/bin/../lib/gcc/arm-none-eabi/11.3.1/../../../../arm-none-eabi/lib/thumb/v7-m/nofp\libc_nano.a(libc_a-strcmp.o)
                0x0000000008000170                strcmp
 *(.text*)
 .text.FIFO_init
                0x0000000008000184       0x44 ./Diaa_RTOS/FIFO_stack.o
                0x0000000008000184                FIFO_init
 .text.FIFO_enqueue
                0x00000000080001c8       0x84 ./Diaa_RTOS/FIFO_stack.o
                0x00000000080001c8                FIFO_enqueue
 .text.FIFO_dequeue
                0x000000000800024c       0x7a ./Diaa_RTOS/FIFO_stack.o
                0x000000000800024c                FIFO_dequeue
 *fill*         0x00000000080002c6        0x2 
 .text.__NVIC_SetPriority
                0x00000000080002c8       0x54 ./Diaa_RTOS/OS_porting.o
 .text.SysTick_Config
                0x000000000800031c       0x44 ./Diaa_RTOS/OS_porting.o
 .text.NMI_Handler
                0x0000000008000360        0x8 ./Diaa_RTOS/OS_porting.o
                0x0000000008000360                NMI_Handler
 .text.HardFault_Handler
                0x0000000008000368        0x8 ./Diaa_RTOS/OS_porting.o
                0x0000000008000368                HardFault_Handler
 .text.MemManage_Handler
                0x0000000008000370        0x8 ./Diaa_RTOS/OS_porting.o
                0x0000000008000370                MemManage_Handler
 .text.BusFault_Handler
                0x0000000008000378        0x8 ./Diaa_RTOS/OS_porting.o
                0x0000000008000378                BusFault_Handler
 .text.UsageFault_Handler
                0x0000000008000380        0x8 ./Diaa_RTOS/OS_porting.o
                0x0000000008000380                UsageFault_Handler
 .text.HW_init  0x0000000008000388       0x12 ./Diaa_RTOS/OS_porting.o
                0x0000000008000388                HW_init
 .text.SVC_Handler
                0x000000000800039a       0x14 ./Diaa_RTOS/OS_porting.o
                0x000000000800039a                SVC_Handler
 *fill*         0x00000000080003ae        0x2 
 .text.trigger_OS_PendSV
                0x00000000080003b0       0x1c ./Diaa_RTOS/OS_porting.o
                0x00000000080003b0                trigger_OS_PendSV
 .text.Start_Ticker
                0x00000000080003cc       0x10 ./Diaa_RTOS/OS_porting.o
                0x00000000080003cc                Start_Ticker
 .text.SysTick_Handler
                0x00000000080003dc       0x14 ./Diaa_RTOS/OS_porting.o
                0x00000000080003dc                SysTick_Handler
 .text.OS_IdeleTask
                0x00000000080003f0        0x8 ./Diaa_RTOS/scheduler.o
                0x00000000080003f0                OS_IdeleTask
 .text.MYRTOS_init_mainStack
                0x00000000080003f8       0x3c ./Diaa_RTOS/scheduler.o
                0x00000000080003f8                MYRTOS_init_mainStack
 .text.MyRTOS_Create_TaskStack
                0x0000000008000434       0x7e ./Diaa_RTOS/scheduler.o
                0x0000000008000434                MyRTOS_Create_TaskStack
 *fill*         0x00000000080004b2        0x2 
 .text.MYRTOS_CreateTask
                0x00000000080004b4       0x7c ./Diaa_RTOS/scheduler.o
                0x00000000080004b4                MYRTOS_CreateTask
 .text.MYRTOS_init
                0x0000000008000530       0x7c ./Diaa_RTOS/scheduler.o
                0x0000000008000530                MYRTOS_init
 .text.OS_SVC_SET
                0x00000000080005ac       0x50 ./Diaa_RTOS/scheduler.o
                0x00000000080005ac                OS_SVC_SET
 .text.BubbleSort
                0x00000000080005fc       0x90 ./Diaa_RTOS/scheduler.o
                0x00000000080005fc                BubbleSort
 .text.MyRTOS_Update_Schadule_tables
                0x000000000800068c       0xbc ./Diaa_RTOS/scheduler.o
                0x000000000800068c                MyRTOS_Update_Schadule_tables
 .text.MYRTOS_ActivateTask
                0x0000000008000748       0x1e ./Diaa_RTOS/scheduler.o
                0x0000000008000748                MYRTOS_ActivateTask
 .text.MYRTOS_TerminateTask
                0x0000000008000766       0x1e ./Diaa_RTOS/scheduler.o
                0x0000000008000766                MYRTOS_TerminateTask
 .text.PendSV_Handler
                0x0000000008000784      0x1c4 ./Diaa_RTOS/scheduler.o
                0x0000000008000784                PendSV_Handler
 .text.Decide_WhatNextTask
                0x0000000008000948       0xa4 ./Diaa_RTOS/scheduler.o
                0x0000000008000948                Decide_WhatNextTask
 .text.OS_SVC_Handle
                0x00000000080009ec       0x80 ./Diaa_RTOS/scheduler.o
                0x00000000080009ec                OS_SVC_Handle
 .text.MYRTOS_STARTOS
                0x0000000008000a6c       0x5c ./Diaa_RTOS/scheduler.o
                0x0000000008000a6c                MYRTOS_STARTOS
 .text.Task_wait_handle
                0x0000000008000ac8       0x80 ./Diaa_RTOS/scheduler.o
                0x0000000008000ac8                Task_wait_handle
 .text.MYRTOS_TaskWait
                0x0000000008000b48       0x26 ./Diaa_RTOS/scheduler.o
                0x0000000008000b48                MYRTOS_TaskWait
 *fill*         0x0000000008000b6e        0x2 
 .text.task1    0x0000000008000b70       0x18 ./Src/main.o
                0x0000000008000b70                task1
 .text.task2    0x0000000008000b88       0x18 ./Src/main.o
                0x0000000008000b88                task2
 .text.task3    0x0000000008000ba0       0x24 ./Src/main.o
                0x0000000008000ba0                task3
 .text.main     0x0000000008000bc4      0x100 ./Src/main.o
                0x0000000008000bc4                main
 .text.Reset_Handler
                0x0000000008000cc4       0x50 ./Startup/startup_stm32f103c8tx.o
                0x0000000008000cc4                Reset_Handler
 .text.Default_Handler
                0x0000000008000d14        0x2 ./Startup/startup_stm32f103c8tx.o
                0x0000000008000d14                EXTI2_IRQHandler
                0x0000000008000d14                TIM8_TRG_COM_IRQHandler
                0x0000000008000d14                TIM8_CC_IRQHandler
                0x0000000008000d14                DebugMon_Handler
                0x0000000008000d14                TIM1_CC_IRQHandler
                0x0000000008000d14                TIM6_IRQHandler
                0x0000000008000d14                PVD_IRQHandler
                0x0000000008000d14                SDIO_IRQHandler
                0x0000000008000d14                EXTI3_IRQHandler
                0x0000000008000d14                USB_HP_CAN_TX_IRQHandler
                0x0000000008000d14                EXTI0_IRQHandler
                0x0000000008000d14                I2C2_EV_IRQHandler
                0x0000000008000d14                ADC1_2_IRQHandler
                0x0000000008000d14                SPI1_IRQHandler
                0x0000000008000d14                CAN_SCE_IRQHandler
                0x0000000008000d14                TAMPER_IRQHandler
                0x0000000008000d14                TIM8_UP_IRQHandler
                0x0000000008000d14                DMA2_Channel2_IRQHandler
                0x0000000008000d14                DMA1_Channel4_IRQHandler
                0x0000000008000d14                USART3_IRQHandler
                0x0000000008000d14                RTC_IRQHandler
                0x0000000008000d14                DMA1_Channel7_IRQHandler
                0x0000000008000d14                UART5_IRQHandler
                0x0000000008000d14                ADC3_IRQHandler
                0x0000000008000d14                TIM4_IRQHandler
                0x0000000008000d14                CAN_RX1_IRQHandler
                0x0000000008000d14                DMA2_Channel1_IRQHandler
                0x0000000008000d14                I2C1_EV_IRQHandler
                0x0000000008000d14                DMA1_Channel6_IRQHandler
                0x0000000008000d14                UART4_IRQHandler
                0x0000000008000d14                TIM3_IRQHandler
                0x0000000008000d14                RCC_IRQHandler
                0x0000000008000d14                TIM1_TRG_COM_IRQHandler
                0x0000000008000d14                DMA1_Channel1_IRQHandler
                0x0000000008000d14                Default_Handler
                0x0000000008000d14                EXTI15_10_IRQHandler
                0x0000000008000d14                TIM7_IRQHandler
                0x0000000008000d14                TIM5_IRQHandler
                0x0000000008000d14                EXTI9_5_IRQHandler
                0x0000000008000d14                SPI2_IRQHandler
                0x0000000008000d14                USB_LP_CAN_RX0_IRQHandler
                0x0000000008000d14                DMA1_Channel5_IRQHandler
                0x0000000008000d14                EXTI4_IRQHandler
                0x0000000008000d14                DMA1_Channel3_IRQHandler
                0x0000000008000d14                FSMC_IRQHandler
                0x0000000008000d14                TIM1_UP_IRQHandler
                0x0000000008000d14                WWDG_IRQHandler
                0x0000000008000d14                TIM2_IRQHandler
                0x0000000008000d14                TIM1_BRK_IRQHandler
                0x0000000008000d14                EXTI1_IRQHandler
                0x0000000008000d14                RTCAlarm_IRQHandler
                0x0000000008000d14                DMA2_Channel4_5_IRQHandler
                0x0000000008000d14                USART2_IRQHandler
                0x0000000008000d14                I2C2_ER_IRQHandler
                0x0000000008000d14                DMA1_Channel2_IRQHandler
                0x0000000008000d14                TIM8_BRK_IRQHandler
                0x0000000008000d14                FLASH_IRQHandler
                0x0000000008000d14                USART1_IRQHandler
                0x0000000008000d14                SPI3_IRQHandler
                0x0000000008000d14                I2C1_ER_IRQHandler
                0x0000000008000d14                DMA2_Channel3_IRQHandler
 *fill*         0x0000000008000d16        0x2 
 .text.__libc_init_array
                0x0000000008000d18       0x48 C:/ST/STM32CubeIDE_1.12.1/STM32CubeIDE/plugins/com.st.stm32cube.ide.mcu.externaltools.gnu-tools-for-stm32.11.3.rel1.win32_1.1.0.202305231506/tools/bin/../lib/gcc/arm-none-eabi/11.3.1/../../../../arm-none-eabi/lib/thumb/v7-m/nofp\libc_nano.a(libc_a-init.o)
                0x0000000008000d18                __libc_init_array
 *(.glue_7)
 .glue_7        0x0000000008000d60        0x0 linker stubs
 *(.glue_7t)
 .glue_7t       0x0000000008000d60        0x0 linker stubs
 *(.eh_frame)
 .eh_frame      0x0000000008000d60        0x0 C:/ST/STM32CubeIDE_1.12.1/STM32CubeIDE/plugins/com.st.stm32cube.ide.mcu.externaltools.gnu-tools-for-stm32.11.3.rel1.win32_1.1.0.202305231506/tools/bin/../lib/gcc/arm-none-eabi/11.3.1/thumb/v7-m/nofp/crtbegin.o
 *(.init)
 .init          0x0000000008000d60        0x4 C:/ST/STM32CubeIDE_1.12.1/STM32CubeIDE/plugins/com.st.stm32cube.ide.mcu.externaltools.gnu-tools-for-stm32.11.3.rel1.win32_1.1.0.202305231506/tools/bin/../lib/gcc/arm-none-eabi/11.3.1/thumb/v7-m/nofp/crti.o
                0x0000000008000d60                _init
 .init          0x0000000008000d64        0x8 C:/ST/STM32CubeIDE_1.12.1/STM32CubeIDE/plugins/com.st.stm32cube.ide.mcu.externaltools.gnu-tools-for-stm32.11.3.rel1.win32_1.1.0.202305231506/tools/bin/../lib/gcc/arm-none-eabi/11.3.1/thumb/v7-m/nofp/crtn.o
 *(.fini)
 .fini          0x0000000008000d6c        0x4 C:/ST/STM32CubeIDE_1.12.1/STM32CubeIDE/plugins/com.st.stm32cube.ide.mcu.externaltools.gnu-tools-for-stm32.11.3.rel1.win32_1.1.0.202305231506/tools/bin/../lib/gcc/arm-none-eabi/11.3.1/thumb/v7-m/nofp/crti.o
                0x0000000008000d6c                _fini
 .fini          0x0000000008000d70        0x8 C:/ST/STM32CubeIDE_1.12.1/STM32CubeIDE/plugins/com.st.stm32cube.ide.mcu.externaltools.gnu-tools-for-stm32.11.3.rel1.win32_1.1.0.202305231506/tools/bin/../lib/gcc/arm-none-eabi/11.3.1/thumb/v7-m/nofp/crtn.o
                0x0000000008000d78                . = ALIGN (0x4)
                0x0000000008000d78                _etext = .

.vfp11_veneer   0x0000000008000d78        0x0
 .vfp11_veneer  0x0000000008000d78        0x0 linker stubs

.v4_bx          0x0000000008000d78        0x0
 .v4_bx         0x0000000008000d78        0x0 linker stubs

.iplt           0x0000000008000d78        0x0
 .iplt          0x0000000008000d78        0x0 C:/ST/STM32CubeIDE_1.12.1/STM32CubeIDE/plugins/com.st.stm32cube.ide.mcu.externaltools.gnu-tools-for-stm32.11.3.rel1.win32_1.1.0.202305231506/tools/bin/../lib/gcc/arm-none-eabi/11.3.1/thumb/v7-m/nofp/crtbegin.o

.rodata         0x0000000008000d78       0x24
                0x0000000008000d78                . = ALIGN (0x4)
 *(.rodata)
 .rodata        0x0000000008000d78        0xa ./Diaa_RTOS/scheduler.o
 *fill*         0x0000000008000d82        0x2 
 .rodata        0x0000000008000d84       0x17 ./Src/main.o
 *(.rodata*)
                0x0000000008000d9c                . = ALIGN (0x4)
 *fill*         0x0000000008000d9b        0x1 

.rel.dyn        0x0000000008000d9c        0x0
 .rel.iplt      0x0000000008000d9c        0x0 C:/ST/STM32CubeIDE_1.12.1/STM32CubeIDE/plugins/com.st.stm32cube.ide.mcu.externaltools.gnu-tools-for-stm32.11.3.rel1.win32_1.1.0.202305231506/tools/bin/../lib/gcc/arm-none-eabi/11.3.1/thumb/v7-m/nofp/crtbegin.o

.ARM.extab      0x0000000008000d9c        0x0
                0x0000000008000d9c                . = ALIGN (0x4)
 *(.ARM.extab* .gnu.linkonce.armextab.*)
                0x0000000008000d9c                . = ALIGN (0x4)

.ARM            0x0000000008000d9c        0x0
                0x0000000008000d9c                . = ALIGN (0x4)
                0x0000000008000d9c                __exidx_start = .
 *(.ARM.exidx*)
                0x0000000008000d9c                __exidx_end = .
                0x0000000008000d9c                . = ALIGN (0x4)

.preinit_array  0x0000000008000d9c        0x0
                0x0000000008000d9c                . = ALIGN (0x4)
                0x0000000008000d9c                PROVIDE (__preinit_array_start = .)
 *(.preinit_array*)
                0x0000000008000d9c                PROVIDE (__preinit_array_end = .)
                0x0000000008000d9c                . = ALIGN (0x4)

.init_array     0x0000000008000d9c        0x4
                0x0000000008000d9c                . = ALIGN (0x4)
                0x0000000008000d9c                PROVIDE (__init_array_start = .)
 *(SORT_BY_NAME(.init_array.*))
 *(.init_array*)
 .init_array    0x0000000008000d9c        0x4 C:/ST/STM32CubeIDE_1.12.1/STM32CubeIDE/plugins/com.st.stm32cube.ide.mcu.externaltools.gnu-tools-for-stm32.11.3.rel1.win32_1.1.0.202305231506/tools/bin/../lib/gcc/arm-none-eabi/11.3.1/thumb/v7-m/nofp/crtbegin.o
                0x0000000008000da0                PROVIDE (__init_array_end = .)
                0x0000000008000da0                . = ALIGN (0x4)

.fini_array     0x0000000008000da0        0x4
                0x0000000008000da0                . = ALIGN (0x4)
                [!provide]                        PROVIDE (__fini_array_start = .)
 *(SORT_BY_NAME(.fini_array.*))
 *(.fini_array*)
 .fini_array    0x0000000008000da0        0x4 C:/ST/STM32CubeIDE_1.12.1/STM32CubeIDE/plugins/com.st.stm32cube.ide.mcu.externaltools.gnu-tools-for-stm32.11.3.rel1.win32_1.1.0.202305231506/tools/bin/../lib/gcc/arm-none-eabi/11.3.1/thumb/v7-m/nofp/crtbegin.o
                [!provide]                        PROVIDE (__fini_array_end = .)
                0x0000000008000da4                . = ALIGN (0x4)
                0x0000000008000da4                _sidata = LOADADDR (.data)

.data           0x0000000020000000        0x0 load address 0x0000000008000da4
                0x0000000020000000                . = ALIGN (0x4)
                0x0000000020000000                _sdata = .
 *(.data)
 *(.data*)
 *(.RamFunc)
 *(.RamFunc*)
                0x0000000020000000                . = ALIGN (0x4)
                0x0000000020000000                _edata = .

.igot.plt       0x0000000020000000        0x0 load address 0x0000000008000da4
 .igot.plt      0x0000000020000000        0x0 C:/ST/STM32CubeIDE_1.12.1/STM32CubeIDE/plugins/com.st.stm32cube.ide.mcu.externaltools.gnu-tools-for-stm32.11.3.rel1.win32_1.1.0.202305231506/tools/bin/../lib/gcc/arm-none-eabi/11.3.1/thumb/v7-m/nofp/crtbegin.o
                0x0000000020000000                . = ALIGN (0x4)

.bss            0x0000000020000000      0x488 load address 0x0000000008000da4
                0x0000000020000000                _sbss = .
                0x0000000020000000                __bss_start__ = _sbss
 *(.bss)
 .bss           0x0000000020000000       0x1c C:/ST/STM32CubeIDE_1.12.1/STM32CubeIDE/plugins/com.st.stm32cube.ide.mcu.externaltools.gnu-tools-for-stm32.11.3.rel1.win32_1.1.0.202305231506/tools/bin/../lib/gcc/arm-none-eabi/11.3.1/thumb/v7-m/nofp/crtbegin.o
 *(.bss*)
 .bss.OS_Control_schaduler
                0x000000002000001c      0x1ac ./Diaa_RTOS/scheduler.o
                0x000000002000001c                OS_Control_schaduler
 .bss.Ready_queue
                0x00000000200001c8       0x14 ./Diaa_RTOS/scheduler.o
                0x00000000200001c8                Ready_queue
 .bss.QUeue_buff
                0x00000000200001dc      0x190 ./Diaa_RTOS/scheduler.o
                0x00000000200001dc                QUeue_buff
 .bss.Idle_task
                0x000000002000036c       0x44 ./Diaa_RTOS/scheduler.o
                0x000000002000036c                Idle_task
 .bss.Task1     0x00000000200003b0       0x44 ./Src/main.o
                0x00000000200003b0                Task1
 .bss.Task2     0x00000000200003f4       0x44 ./Src/main.o
                0x00000000200003f4                Task2
 .bss.Task3     0x0000000020000438       0x44 ./Src/main.o
                0x0000000020000438                Task3
 .bss.ToggleLedTask1
                0x000000002000047c        0x4 ./Src/main.o
                0x000000002000047c                ToggleLedTask1
 .bss.ToggleLedTask2
                0x0000000020000480        0x4 ./Src/main.o
                0x0000000020000480                ToggleLedTask2
 .bss.ToggleLedTask3
                0x0000000020000484        0x4 ./Src/main.o
                0x0000000020000484                ToggleLedTask3
 *(COMMON)
                0x0000000020000488                . = ALIGN (0x4)
                0x0000000020000488                _ebss = .
                0x0000000020000488                __bss_end__ = _ebss

._user_heap_stack
                0x0000000020000488      0x600 load address 0x0000000008000da4
                0x0000000020000488                . = ALIGN (0x8)
                [!provide]                        PROVIDE (end = .)
                0x0000000020000488                PROVIDE (_end = .)
                0x0000000020000688                . = (. + _Min_Heap_Size)
 *fill*         0x0000000020000488      0x200 
                0x0000000020000a88                . = (. + _Min_Stack_Size)
 *fill*         0x0000000020000688      0x400 
                0x0000000020000a88                . = ALIGN (0x8)
                0x0000000020000a88                _eheap = .

/DISCARD/
 libc.a(*)
 libm.a(*)
 libgcc.a(*)

.ARM.attributes
                0x0000000000000000       0x29
 *(.ARM.attributes)
 .ARM.attributes
                0x0000000000000000       0x1d C:/ST/STM32CubeIDE_1.12.1/STM32CubeIDE/plugins/com.st.stm32cube.ide.mcu.externaltools.gnu-tools-for-stm32.11.3.rel1.win32_1.1.0.202305231506/tools/bin/../lib/gcc/arm-none-eabi/11.3.1/thumb/v7-m/nofp/crti.o
 .ARM.attributes
                0x000000000000001d       0x2d C:/ST/STM32CubeIDE_1.12.1/STM32CubeIDE/plugins/com.st.stm32cube.ide.mcu.externaltools.gnu-tools-for-stm32.11.3.rel1.win32_1.1.0.202305231506/tools/bin/../lib/gcc/arm-none-eabi/11.3.1/thumb/v7-m/nofp/crtbegin.o
 .ARM.attributes
                0x000000000000004a       0x2d ./Diaa_RTOS/FIFO_stack.o
 .ARM.attributes
                0x0000000000000077       0x2d ./Diaa_RTOS/OS_porting.o
 .ARM.attributes
                0x00000000000000a4       0x2d ./Diaa_RTOS/scheduler.o
 .ARM.attributes
                0x00000000000000d1       0x2d ./Src/main.o
 .ARM.attributes
                0x00000000000000fe       0x21 ./Startup/startup_stm32f103c8tx.o
 .ARM.attributes
                0x000000000000011f       0x2d C:/ST/STM32CubeIDE_1.12.1/STM32CubeIDE/plugins/com.st.stm32cube.ide.mcu.externaltools.gnu-tools-for-stm32.11.3.rel1.win32_1.1.0.202305231506/tools/bin/../lib/gcc/arm-none-eabi/11.3.1/../../../../arm-none-eabi/lib/thumb/v7-m/nofp\libc_nano.a(libc_a-init.o)
 .ARM.attributes
                0x000000000000014c       0x1b C:/ST/STM32CubeIDE_1.12.1/STM32CubeIDE/plugins/com.st.stm32cube.ide.mcu.externaltools.gnu-tools-for-stm32.11.3.rel1.win32_1.1.0.202305231506/tools/bin/../lib/gcc/arm-none-eabi/11.3.1/../../../../arm-none-eabi/lib/thumb/v7-m/nofp\libc_nano.a(libc_a-strcmp.o)
 .ARM.attributes
                0x0000000000000167       0x1d C:/ST/STM32CubeIDE_1.12.1/STM32CubeIDE/plugins/com.st.stm32cube.ide.mcu.externaltools.gnu-tools-for-stm32.11.3.rel1.win32_1.1.0.202305231506/tools/bin/../lib/gcc/arm-none-eabi/11.3.1/thumb/v7-m/nofp/crtn.o
OUTPUT(MY_RTOS.axf elf32-littlearm)
LOAD linker stubs
LOAD C:/ST/STM32CubeIDE_1.12.1/STM32CubeIDE/plugins/com.st.stm32cube.ide.mcu.externaltools.gnu-tools-for-stm32.11.3.rel1.win32_1.1.0.202305231506/tools/bin/../lib/gcc/arm-none-eabi/11.3.1/../../../../arm-none-eabi/lib/thumb/v7-m/nofp\libc.a
LOAD C:/ST/STM32CubeIDE_1.12.1/STM32CubeIDE/plugins/com.st.stm32cube.ide.mcu.externaltools.gnu-tools-for-stm32.11.3.rel1.win32_1.1.0.202305231506/tools/bin/../lib/gcc/arm-none-eabi/11.3.1/../../../../arm-none-eabi/lib/thumb/v7-m/nofp\libm.a
LOAD C:/ST/STM32CubeIDE_1.12.1/STM32CubeIDE/plugins/com.st.stm32cube.ide.mcu.externaltools.gnu-tools-for-stm32.11.3.rel1.win32_1.1.0.202305231506/tools/bin/../lib/gcc/arm-none-eabi/11.3.1/thumb/v7-m/nofp\libgcc.a

.comment        0x0000000000000000       0x43
 .comment       0x0000000000000000       0x43 C:/ST/STM32CubeIDE_1.12.1/STM32CubeIDE/plugins/com.st.stm32cube.ide.mcu.externaltools.gnu-tools-for-stm32.11.3.rel1.win32_1.1.0.202305231506/tools/bin/../lib/gcc/arm-none-eabi/11.3.1/thumb/v7-m/nofp/crtbegin.o
                                         0x44 (size before relaxing)
 .comment       0x0000000000000043       0x44 ./Diaa_RTOS/FIFO_stack.o
 .comment       0x0000000000000043       0x44 ./Diaa_RTOS/OS_porting.o
 .comment       0x0000000000000043       0x44 ./Diaa_RTOS/scheduler.o
 .comment       0x0000000000000043       0x44 ./Src/main.o

.debug_info     0x0000000000000000     0x14ed
 .debug_info    0x0000000000000000      0x37b ./Diaa_RTOS/FIFO_stack.o
 .debug_info    0x000000000000037b      0x672 ./Diaa_RTOS/OS_porting.o
 .debug_info    0x00000000000009ed      0x78b ./Diaa_RTOS/scheduler.o
 .debug_info    0x0000000000001178      0x353 ./Src/main.o
 .debug_info    0x00000000000014cb       0x22 ./Startup/startup_stm32f103c8tx.o

.debug_abbrev   0x0000000000000000      0x6cc
 .debug_abbrev  0x0000000000000000      0x103 ./Diaa_RTOS/FIFO_stack.o
 .debug_abbrev  0x0000000000000103      0x1b1 ./Diaa_RTOS/OS_porting.o
 .debug_abbrev  0x00000000000002b4      0x296 ./Diaa_RTOS/scheduler.o
 .debug_abbrev  0x000000000000054a      0x170 ./Src/main.o
 .debug_abbrev  0x00000000000006ba       0x12 ./Startup/startup_stm32f103c8tx.o

.debug_loc      0x0000000000000000      0x928
 .debug_loc     0x0000000000000000      0x1cc ./Diaa_RTOS/FIFO_stack.o
 .debug_loc     0x00000000000001cc      0x250 ./Diaa_RTOS/OS_porting.o
 .debug_loc     0x000000000000041c      0x45c ./Diaa_RTOS/scheduler.o
 .debug_loc     0x0000000000000878       0xb0 ./Src/main.o

.debug_aranges  0x0000000000000000      0x1b0
 .debug_aranges
                0x0000000000000000       0x40 ./Diaa_RTOS/FIFO_stack.o
 .debug_aranges
                0x0000000000000040       0x78 ./Diaa_RTOS/OS_porting.o
 .debug_aranges
                0x00000000000000b8       0x98 ./Diaa_RTOS/scheduler.o
 .debug_aranges
                0x0000000000000150       0x38 ./Src/main.o
 .debug_aranges
                0x0000000000000188       0x28 ./Startup/startup_stm32f103c8tx.o

.debug_ranges   0x0000000000000000      0x168
 .debug_ranges  0x0000000000000000       0x30 ./Diaa_RTOS/FIFO_stack.o
 .debug_ranges  0x0000000000000030       0x68 ./Diaa_RTOS/OS_porting.o
 .debug_ranges  0x0000000000000098       0x88 ./Diaa_RTOS/scheduler.o
 .debug_ranges  0x0000000000000120       0x28 ./Src/main.o
 .debug_ranges  0x0000000000000148       0x20 ./Startup/startup_stm32f103c8tx.o

.debug_macro    0x0000000000000000     0x3274
 .debug_macro   0x0000000000000000      0x1b4 ./Diaa_RTOS/FIFO_stack.o
 .debug_macro   0x00000000000001b4      0xaa2 ./Diaa_RTOS/FIFO_stack.o
 .debug_macro   0x0000000000000c56       0x22 ./Diaa_RTOS/FIFO_stack.o
 .debug_macro   0x0000000000000c78       0x5b ./Diaa_RTOS/FIFO_stack.o
 .debug_macro   0x0000000000000cd3       0x24 ./Diaa_RTOS/FIFO_stack.o
 .debug_macro   0x0000000000000cf7       0x94 ./Diaa_RTOS/FIFO_stack.o
 .debug_macro   0x0000000000000d8b       0x43 ./Diaa_RTOS/FIFO_stack.o
 .debug_macro   0x0000000000000dce       0x34 ./Diaa_RTOS/FIFO_stack.o
 .debug_macro   0x0000000000000e02       0x16 ./Diaa_RTOS/FIFO_stack.o
 .debug_macro   0x0000000000000e18       0x57 ./Diaa_RTOS/FIFO_stack.o
 .debug_macro   0x0000000000000e6f       0x97 ./Diaa_RTOS/FIFO_stack.o
 .debug_macro   0x0000000000000f06      0x369 ./Diaa_RTOS/FIFO_stack.o
 .debug_macro   0x000000000000126f       0xfd ./Diaa_RTOS/FIFO_stack.o
 .debug_macro   0x000000000000136c       0x10 ./Diaa_RTOS/FIFO_stack.o
 .debug_macro   0x000000000000137c       0x16 ./Diaa_RTOS/FIFO_stack.o
 .debug_macro   0x0000000000001392       0x43 ./Diaa_RTOS/FIFO_stack.o
 .debug_macro   0x00000000000013d5       0x34 ./Diaa_RTOS/FIFO_stack.o
 .debug_macro   0x0000000000001409       0x10 ./Diaa_RTOS/FIFO_stack.o
 .debug_macro   0x0000000000001419       0x58 ./Diaa_RTOS/FIFO_stack.o
 .debug_macro   0x0000000000001471       0x8e ./Diaa_RTOS/FIFO_stack.o
 .debug_macro   0x00000000000014ff       0x1c ./Diaa_RTOS/FIFO_stack.o
 .debug_macro   0x000000000000151b      0x177 ./Diaa_RTOS/FIFO_stack.o
 .debug_macro   0x0000000000001692       0x16 ./Diaa_RTOS/FIFO_stack.o
 .debug_macro   0x00000000000016a8       0x16 ./Diaa_RTOS/FIFO_stack.o
 .debug_macro   0x00000000000016be      0x147 ./Diaa_RTOS/FIFO_stack.o
 .debug_macro   0x0000000000001805      0x103 ./Diaa_RTOS/FIFO_stack.o
 .debug_macro   0x0000000000001908       0x6a ./Diaa_RTOS/FIFO_stack.o
 .debug_macro   0x0000000000001972      0x1df ./Diaa_RTOS/FIFO_stack.o
 .debug_macro   0x0000000000001b51       0x28 ./Diaa_RTOS/FIFO_stack.o
 .debug_macro   0x0000000000001b79       0x1c ./Diaa_RTOS/FIFO_stack.o
 .debug_macro   0x0000000000001b95       0x22 ./Diaa_RTOS/FIFO_stack.o
 .debug_macro   0x0000000000001bb7       0xdf ./Diaa_RTOS/FIFO_stack.o
 .debug_macro   0x0000000000001c96      0xe3c ./Diaa_RTOS/FIFO_stack.o
 .debug_macro   0x0000000000002ad2       0x2e ./Diaa_RTOS/FIFO_stack.o
 .debug_macro   0x0000000000002b00       0xbd ./Diaa_RTOS/OS_porting.o
 .debug_macro   0x0000000000002bbd       0x8e ./Diaa_RTOS/OS_porting.o
 .debug_macro   0x0000000000002c4b       0x51 ./Diaa_RTOS/OS_porting.o
 .debug_macro   0x0000000000002c9c      0x1e8 ./Diaa_RTOS/scheduler.o
 .debug_macro   0x0000000000002e84       0x16 ./Diaa_RTOS/scheduler.o
 .debug_macro   0x0000000000002e9a       0x35 ./Diaa_RTOS/scheduler.o
 .debug_macro   0x0000000000002ecf       0x20 ./Diaa_RTOS/scheduler.o
 .debug_macro   0x0000000000002eef      0x1a0 ./Src/main.o
 .debug_macro   0x000000000000308f       0x61 ./Src/main.o
 .debug_macro   0x00000000000030f0      0x174 ./Src/main.o
 .debug_macro   0x0000000000003264       0x10 ./Src/main.o

.debug_line     0x0000000000000000     0x21d2
 .debug_line    0x0000000000000000      0x7cf ./Diaa_RTOS/FIFO_stack.o
 .debug_line    0x00000000000007cf      0x652 ./Diaa_RTOS/OS_porting.o
 .debug_line    0x0000000000000e21      0xbf1 ./Diaa_RTOS/scheduler.o
 .debug_line    0x0000000000001a12      0x73c ./Src/main.o
 .debug_line    0x000000000000214e       0x84 ./Startup/startup_stm32f103c8tx.o

.debug_str      0x0000000000000000     0xd7e1
 .debug_str     0x0000000000000000     0xd106 ./Diaa_RTOS/FIFO_stack.o
                                       0xd307 (size before relaxing)
 .debug_str     0x000000000000d106      0x317 ./Diaa_RTOS/OS_porting.o
                                       0x9a49 (size before relaxing)
 .debug_str     0x000000000000d41d      0x343 ./Diaa_RTOS/scheduler.o
                                       0xd672 (size before relaxing)
 .debug_str     0x000000000000d760       0x52 ./Src/main.o
                                       0xcd77 (size before relaxing)
 .debug_str     0x000000000000d7b2       0x2f ./Startup/startup_stm32f103c8tx.o
                                         0x5e (size before relaxing)

.debug_frame    0x0000000000000000      0x51c
 .debug_frame   0x0000000000000000       0xd8 ./Diaa_RTOS/FIFO_stack.o
 .debug_frame   0x00000000000000d8      0x158 ./Diaa_RTOS/OS_porting.o
 .debug_frame   0x0000000000000230      0x228 ./Diaa_RTOS/scheduler.o
 .debug_frame   0x0000000000000458       0x78 ./Src/main.o
 .debug_frame   0x00000000000004d0       0x2c C:/ST/STM32CubeIDE_1.12.1/STM32CubeIDE/plugins/com.st.stm32cube.ide.mcu.externaltools.gnu-tools-for-stm32.11.3.rel1.win32_1.1.0.202305231506/tools/bin/../lib/gcc/arm-none-eabi/11.3.1/../../../../arm-none-eabi/lib/thumb/v7-m/nofp\libc_nano.a(libc_a-init.o)
 .debug_frame   0x00000000000004fc       0x20 C:/ST/STM32CubeIDE_1.12.1/STM32CubeIDE/plugins/com.st.stm32cube.ide.mcu.externaltools.gnu-tools-for-stm32.11.3.rel1.win32_1.1.0.202305231506/tools/bin/../lib/gcc/arm-none-eabi/11.3.1/../../../../arm-none-eabi/lib/thumb/v7-m/nofp\libc_nano.a(libc_a-strcmp.o)
