
Memory Configuration

Name             Origin             Length             Attributes
FLASH            0x08000000         0x00020000         xr
RAM              0x20000000         0x00005000         xrw
*default*        0x00000000         0xffffffff

Linker script and memory map


.text           0x08000000      0x10c
 *(.text*)
 .text          0x08000000       0x7c main.o
                0x08000000                main
 .text          0x0800007c       0x90 startup.o
                0x0800007c                MM_fault_Handler
                0x0800007c                Bus_Fault
                0x0800007c                Default_Handler
                0x0800007c                H_fault_Handler
                0x0800007c                Usage_Fault_Handler
                0x0800007c                NMI_Handler
                0x08000088                Rest_Handler
 *(.rodata)
                0x0800010c                _E_TEXT = .

.glue_7         0x0800010c        0x0
 .glue_7        0x0800010c        0x0 linker stubs

.glue_7t        0x0800010c        0x0
 .glue_7t       0x0800010c        0x0 linker stubs

.vfp11_veneer   0x0800010c        0x0
 .vfp11_veneer  0x0800010c        0x0 linker stubs

.v4_bx          0x0800010c        0x0
 .v4_bx         0x0800010c        0x0 linker stubs

.iplt           0x0800010c        0x0
 .iplt          0x0800010c        0x0 main.o

.rel.dyn        0x0800010c        0x0
 .rel.iplt      0x0800010c        0x0 main.o

.data           0x20000000        0x0 load address 0x0800010c
                0x20000000                _S_DATA = .
 *(.data)
 .data          0x20000000        0x0 main.o
 .data          0x20000000        0x0 startup.o
                0x20000000                . = ALIGN (0x4)
                0x20000000                _E_DATA = .

.igot.plt       0x20000000        0x0 load address 0x0800010c
 .igot.plt      0x20000000        0x0 main.o

.vectors        0x20000000       0x1c load address 0x0800010c
 .vectors       0x20000000       0x1c startup.o
                0x20000000                vectors

.bss            0x2000001c        0x0 load address 0x08000128
                0x2000001c                _S_BSS = .
 *(.bss*)
 .bss           0x2000001c        0x0 main.o
 .bss           0x2000001c        0x0 startup.o
                0x2000001c                . = ALIGN (0x4)
                0x2000001c                _E_BSS = .
                0x2001001c                . = (. + 0x10000)
                0x2001001c                _stack_start_SP = .
LOAD main.o
LOAD startup.o
OUTPUT(led-toggle-cortex-m3.elf elf32-littlearm)

.debug_info     0x00000000      0x25d
 .debug_info    0x00000000       0xcd main.o
 .debug_info    0x000000cd      0x190 startup.o

.debug_abbrev   0x00000000      0x14a
 .debug_abbrev  0x00000000       0x74 main.o
 .debug_abbrev  0x00000074       0xd6 startup.o

.debug_loc      0x00000000       0xb4
 .debug_loc     0x00000000       0x38 main.o
 .debug_loc     0x00000038       0x7c startup.o

.debug_aranges  0x00000000       0x40
 .debug_aranges
                0x00000000       0x20 main.o
 .debug_aranges
                0x00000020       0x20 startup.o

.debug_line     0x00000000      0x269
 .debug_line    0x00000000      0x12b main.o
 .debug_line    0x0000012b      0x13e startup.o

.debug_str      0x00000000      0x17f
 .debug_str     0x00000000       0xfb main.o
                                0x138 (size before relaxing)
 .debug_str     0x000000fb       0x84 startup.o
                                0x1b0 (size before relaxing)

.comment        0x00000000       0x7e
 .comment       0x00000000       0x7e main.o
                                 0x7f (size before relaxing)
 .comment       0x0000007e       0x7f startup.o

.ARM.attributes
                0x00000000       0x33
 .ARM.attributes
                0x00000000       0x33 main.o
 .ARM.attributes
                0x00000033       0x33 startup.o

.debug_frame    0x00000000       0x7c
 .debug_frame   0x00000000       0x2c main.o
 .debug_frame   0x0000002c       0x50 startup.o
